<!DOCTYPE html>
<html lang="en" class="dark">

<head>
  <script type="module">import { injectIntoGlobalHook } from "/@react-refresh";
injectIntoGlobalHook(window);
window.$RefreshReg$ = () => {};
window.$RefreshSig$ = () => (type) => type;</script>

  <script type="module" src="/@vite/client"></script>

  <meta charset="UTF-8">
  <meta name="viewport" content="width=device-width, initial-scale=1.0">
  <title>CURE | Modern Healthcare</title>
  <link rel="preconnect" href="https://fonts.googleapis.com">
  <link rel="preconnect" href="https://fonts.gstatic.com" crossorigin>
  <link
    href="https://fonts.googleapis.com/css2?family=Fraunces:ital,opsz,wght@0,9..144,100..900;1,9..144,100..900&family=Manrope:wght@200..800&display=swap"
    rel="stylesheet">
  <link rel="stylesheet" href="/index.css">
</head>

<body
  class="bg-white dark:bg-slate-950 text-slate-900 dark:text-slate-50 selection:bg-sky-100 dark:selection:bg-sky-900 selection:text-sky-900 dark:selection:text-sky-100 transition-colors duration-300">
  <div id="root"></div>
  <script type="module" src="/index.tsx?t=1771091290657"></script>
</body>

</html>
